// Jest Snapshot v1, https://goo.gl/fbAQLP

exports[`ToDo Form tests Should match snapshot 1`] = `
Object {
  "asFragment": [Function],
  "baseElement": <body>
    <div>
      <div
        class="css-d2pp4n"
      >
        <svg
          class="chakra-icon css-6oco0p"
          focusable="false"
          role="form-icon"
          viewBox="0 0 24 24"
        >
          <g
            fill="none"
            stroke="currentColor"
            stroke-linecap="round"
            stroke-width="2"
          >
            <rect
              height="18"
              rx="2"
              ry="2"
              width="18"
              x="3"
              y="3"
            />
            <path
              d="M12 8v8"
            />
            <path
              d="M8 12h8"
            />
          </g>
        </svg>
        <label
          class="todo-form__label"
          for="text-input"
        />
        <input
          class="chakra-input todo-form__input css-1k8gxue"
          id="text-input"
          placeholder="Add new task"
          type="text"
          value=""
        />
        <div
          class="css-1wm0uf1"
        >
          <i
            class="bi bi-calendar-plus"
            id="addReminder-checkbox"
          />
          <button
            class="chakra-button todo-form__button css-128d67a"
            type="button"
          >
            Add
          </button>
        </div>
      </div>
    </div>
  </body>,
  "container": <div>
    <div
      class="css-d2pp4n"
    >
      <svg
        class="chakra-icon css-6oco0p"
        focusable="false"
        role="form-icon"
        viewBox="0 0 24 24"
      >
        <g
          fill="none"
          stroke="currentColor"
          stroke-linecap="round"
          stroke-width="2"
        >
          <rect
            height="18"
            rx="2"
            ry="2"
            width="18"
            x="3"
            y="3"
          />
          <path
            d="M12 8v8"
          />
          <path
            d="M8 12h8"
          />
        </g>
      </svg>
      <label
        class="todo-form__label"
        for="text-input"
      />
      <input
        class="chakra-input todo-form__input css-1k8gxue"
        id="text-input"
        placeholder="Add new task"
        type="text"
        value=""
      />
      <div
        class="css-1wm0uf1"
      >
        <i
          class="bi bi-calendar-plus"
          id="addReminder-checkbox"
        />
        <button
          class="chakra-button todo-form__button css-128d67a"
          type="button"
        >
          Add
        </button>
      </div>
    </div>
  </div>,
  "debug": [Function],
  "findAllByAltText": [Function],
  "findAllByDisplayValue": [Function],
  "findAllByLabelText": [Function],
  "findAllByPlaceholderText": [Function],
  "findAllByRole": [Function],
  "findAllByTestId": [Function],
  "findAllByText": [Function],
  "findAllByTitle": [Function],
  "findByAltText": [Function],
  "findByDisplayValue": [Function],
  "findByLabelText": [Function],
  "findByPlaceholderText": [Function],
  "findByRole": [Function],
  "findByTestId": [Function],
  "findByText": [Function],
  "findByTitle": [Function],
  "getAllByAltText": [Function],
  "getAllByDisplayValue": [Function],
  "getAllByLabelText": [Function],
  "getAllByPlaceholderText": [Function],
  "getAllByRole": [Function],
  "getAllByTestId": [Function],
  "getAllByText": [Function],
  "getAllByTitle": [Function],
  "getByAltText": [Function],
  "getByDisplayValue": [Function],
  "getByLabelText": [Function],
  "getByPlaceholderText": [Function],
  "getByRole": [Function],
  "getByTestId": [Function],
  "getByText": [Function],
  "getByTitle": [Function],
  "queryAllByAltText": [Function],
  "queryAllByDisplayValue": [Function],
  "queryAllByLabelText": [Function],
  "queryAllByPlaceholderText": [Function],
  "queryAllByRole": [Function],
  "queryAllByTestId": [Function],
  "queryAllByText": [Function],
  "queryAllByTitle": [Function],
  "queryByAltText": [Function],
  "queryByDisplayValue": [Function],
  "queryByLabelText": [Function],
  "queryByPlaceholderText": [Function],
  "queryByRole": [Function],
  "queryByTestId": [Function],
  "queryByText": [Function],
  "queryByTitle": [Function],
  "rerender": [Function],
  "unmount": [Function],
}
`;
